============================= test session starts =============================
platform win32 -- Python 3.12.4, pytest-8.3.5, pluggy-1.5.0
rootdir: D:\learners\latest_fastapi\server_python
plugins: anyio-4.10.0, langsmith-0.3.8, mock-3.14.0, time-machine-2.16.0, typeguard-4.4.2
collected 0 items / 1 error

=================================== ERRORS ====================================
_____________________ ERROR collecting tests/test_api.py ______________________
tests\test_api.py:3: in <module>
    from app.main import app
app\main.py:5: in <module>
    from app.features.reports.router import router as reports_router
app\features\reports\router.py:6: in <module>
    router = APIRouter()
E   NameError: name 'APIRouter' is not defined
============================== warnings summary ===============================
C:\Users\abhig\AppData\Local\Programs\Python\Python312\Lib\site-packages\pydantic\_internal\_config.py:323
  C:\Users\abhig\AppData\Local\Programs\Python\Python312\Lib\site-packages\pydantic\_internal\_config.py:323: PydanticDeprecatedSince20: Support for class-based `config` is deprecated, use ConfigDict instead. Deprecated in Pydantic V2.0 to be removed in V3.0. See Pydantic V2 Migration Guide at https://errors.pydantic.dev/2.11/migration/
    warnings.warn(DEPRECATION_MESSAGE, DeprecationWarning)

-- Docs: https://docs.pytest.org/en/stable/how-to/capture-warnings.html
=========================== short test summary info ===========================
ERROR tests/test_api.py - NameError: name 'APIRouter' is not defined
!!!!!!!!!!!!!!!!!!! Interrupted: 1 error during collection !!!!!!!!!!!!!!!!!!!!
========================= 1 warning, 1 error in 0.56s =========================
